127.0.0.1 - - [08/May/2026 08:35:45] "GET /index.html HTTP/1.1" 200 -
127.0.0.1 - - [08/May/2026 08:35:45] "GET /index.html HTTP/1.1" 200 -
127.0.0.1 - - [08/May/2026 08:35:45] "GET /?key=bootstrap.main_collection&value=%2Fmain%2Fegg%2Fegg.collectionc HTTP/1.1" 200 -
127.0.0.1 - - [08/May/2026 08:35:45] "GET /dmloader.js HTTP/1.1" 200 -
127.0.0.1 - - [08/May/2026 08:35:45] "GET /archive/archive_files.json HTTP/1.1" 200 -
127.0.0.1 - - [08/May/2026 08:35:45] "GET /extensionrive_wasm.js HTTP/1.1" 200 -
127.0.0.1 - - [08/May/2026 08:35:45] "GET /archive/game0.projectc HTTP/1.1" 200 -
127.0.0.1 - - [08/May/2026 08:35:45] code 404, message File not found
127.0.0.1 - - [08/May/2026 08:35:45] "GET /favicon.ico HTTP/1.1" 404 -
127.0.0.1 - - [08/May/2026 08:35:45] "GET /archive/game0.arci HTTP/1.1" 200 -
127.0.0.1 - - [08/May/2026 08:35:45] "GET /archive/game0.arcd HTTP/1.1" 200 -
127.0.0.1 - - [08/May/2026 08:35:45] "GET /archive/game1.arcd HTTP/1.1" 200 -
----------------------------------------
Exception occurred during processing of request from ('127.0.0.1', 43384)
----------------------------------------
Exception occurred during processing of request from ('127.0.0.1', 43392)
Traceback (most recent call last):
  File "/usr/lib/python3.12/socketserver.py", line 692, in process_request_thread
    self.finish_request(request, client_address)
  File "/usr/lib/python3.12/http/server.py", line 1311, in finish_request
    self.RequestHandlerClass(request, client_address, self,
127.0.0.1 - - [08/May/2026 08:35:45] "GET /archive/game2.arcd HTTP/1.1" 200 -
----------------------------------------
Exception occurred during processing of request from ('127.0.0.1', 43398)
Traceback (most recent call last):
  File "/usr/lib/python3.12/socketserver.py", line 692, in process_request_thread
    self.finish_request(request, client_address)
  File "/usr/lib/python3.12/http/server.py", line 1311, in finish_request
    self.RequestHandlerClass(request, client_address, self,
  File "/usr/lib/python3.12/http/server.py", line 672, in __init__
    super().__init__(*args, **kwargs)
  File "/usr/lib/python3.12/socketserver.py", line 761, in __init__
    self.handle()
  File "/usr/lib/python3.12/http/server.py", line 436, in handle
    self.handle_one_request()
  File "/usr/lib/python3.12/http/server.py", line 424, in handle_one_request
    method()
  File "/usr/lib/python3.12/http/server.py", line 679, in do_GET
    self.copyfile(f, self.wfile)
  File "/usr/lib/python3.12/http/server.py", line 878, in copyfile
    shutil.copyfileobj(source, outputfile)
  File "/usr/lib/python3.12/shutil.py", line 204, in copyfileobj
    fdst_write(buf)
  File "/usr/lib/python3.12/socketserver.py", line 840, in write
    self._sock.sendall(b)
BrokenPipeError: [Errno 32] Broken pipe
----------------------------------------
Traceback (most recent call last):
127.0.0.1 - - [08/May/2026 08:35:45] "GET /archive/game3.arcd HTTP/1.1" 200 -
  File "/usr/lib/python3.12/http/server.py", line 672, in __init__
    super().__init__(*args, **kwargs)
127.0.0.1 - - [08/May/2026 08:35:45] "GET /archive/game4.arcd HTTP/1.1" 200 -
127.0.0.1 - - [08/May/2026 08:35:45] "GET /archive/game5.arcd HTTP/1.1" 200 -
  File "/usr/lib/python3.12/socketserver.py", line 761, in __init__
    self.handle()
  File "/usr/lib/python3.12/http/server.py", line 436, in handle
    self.handle_one_request()
  File "/usr/lib/python3.12/http/server.py", line 424, in handle_one_request
    method()
  File "/usr/lib/python3.12/http/server.py", line 679, in do_GET
    self.copyfile(f, self.wfile)
  File "/usr/lib/python3.12/http/server.py", line 878, in copyfile
    shutil.copyfileobj(source, outputfile)
  File "/usr/lib/python3.12/shutil.py", line 204, in copyfileobj
    fdst_write(buf)
  File "/usr/lib/python3.12/socketserver.py", line 840, in write
    self._sock.sendall(b)
BrokenPipeError: [Errno 32] Broken pipe
----------------------------------------
  File "/usr/lib/python3.12/socketserver.py", line 692, in process_request_thread
    self.finish_request(request, client_address)
  File "/usr/lib/python3.12/http/server.py", line 1311, in finish_request
    self.RequestHandlerClass(request, client_address, self,
  File "/usr/lib/python3.12/http/server.py", line 672, in __init__
    super().__init__(*args, **kwargs)
----------------------------------------
Exception occurred during processing of request from ('127.0.0.1', 43404)
----------------------------------------
Exception occurred during processing of request from ('127.0.0.1', 43418)
Traceback (most recent call last):
  File "/usr/lib/python3.12/socketserver.py", line 692, in process_request_thread
    self.finish_request(request, client_address)
  File "/usr/lib/python3.12/http/server.py", line 1311, in finish_request
    self.RequestHandlerClass(request, client_address, self,
  File "/usr/lib/python3.12/socketserver.py", line 761, in __init__
    self.handle()
  File "/usr/lib/python3.12/http/server.py", line 436, in handle
    self.handle_one_request()
Traceback (most recent call last):
  File "/usr/lib/python3.12/http/server.py", line 672, in __init__
    super().__init__(*args, **kwargs)
----------------------------------------
  File "/usr/lib/python3.12/http/server.py", line 424, in handle_one_request
    method()
  File "/usr/lib/python3.12/http/server.py", line 679, in do_GET
    self.copyfile(f, self.wfile)
Exception occurred during processing of request from ('127.0.0.1', 43416)
  File "/usr/lib/python3.12/socketserver.py", line 761, in __init__
    self.handle()
  File "/usr/lib/python3.12/http/server.py", line 436, in handle
    self.handle_one_request()
  File "/usr/lib/python3.12/socketserver.py", line 692, in process_request_thread
    self.finish_request(request, client_address)
  File "/usr/lib/python3.12/http/server.py", line 878, in copyfile
    shutil.copyfileobj(source, outputfile)
Traceback (most recent call last):
  File "/usr/lib/python3.12/http/server.py", line 1311, in finish_request
    self.RequestHandlerClass(request, client_address, self,
  File "/usr/lib/python3.12/http/server.py", line 672, in __init__
    super().__init__(*args, **kwargs)
  File "/usr/lib/python3.12/shutil.py", line 204, in copyfileobj
    fdst_write(buf)
  File "/usr/lib/python3.12/http/server.py", line 424, in handle_one_request
    method()
  File "/usr/lib/python3.12/socketserver.py", line 761, in __init__
    self.handle()
  File "/usr/lib/python3.12/http/server.py", line 679, in do_GET
    self.copyfile(f, self.wfile)
  File "/usr/lib/python3.12/socketserver.py", line 692, in process_request_thread
    self.finish_request(request, client_address)
  File "/usr/lib/python3.12/http/server.py", line 436, in handle
    self.handle_one_request()
  File "/usr/lib/python3.12/http/server.py", line 1311, in finish_request
    self.RequestHandlerClass(request, client_address, self,
  File "/usr/lib/python3.12/socketserver.py", line 840, in write
    self._sock.sendall(b)
  File "/usr/lib/python3.12/http/server.py", line 424, in handle_one_request
    method()
BrokenPipeError: [Errno 32] Broken pipe
  File "/usr/lib/python3.12/http/server.py", line 878, in copyfile
    shutil.copyfileobj(source, outputfile)
  File "/usr/lib/python3.12/shutil.py", line 204, in copyfileobj
    fdst_write(buf)
  File "/usr/lib/python3.12/http/server.py", line 672, in __init__
    super().__init__(*args, **kwargs)
----------------------------------------
  File "/usr/lib/python3.12/http/server.py", line 679, in do_GET
    self.copyfile(f, self.wfile)
  File "/usr/lib/python3.12/socketserver.py", line 840, in write
    self._sock.sendall(b)
  File "/usr/lib/python3.12/http/server.py", line 878, in copyfile
    shutil.copyfileobj(source, outputfile)
BrokenPipeError: [Errno 32] Broken pipe
  File "/usr/lib/python3.12/shutil.py", line 204, in copyfileobj
    fdst_write(buf)
  File "/usr/lib/python3.12/socketserver.py", line 761, in __init__
    self.handle()
  File "/usr/lib/python3.12/socketserver.py", line 840, in write
    self._sock.sendall(b)
  File "/usr/lib/python3.12/http/server.py", line 436, in handle
    self.handle_one_request()
----------------------------------------
BrokenPipeError: [Errno 32] Broken pipe
----------------------------------------
  File "/usr/lib/python3.12/http/server.py", line 424, in handle_one_request
    method()
  File "/usr/lib/python3.12/http/server.py", line 679, in do_GET
    self.copyfile(f, self.wfile)
  File "/usr/lib/python3.12/http/server.py", line 878, in copyfile
    shutil.copyfileobj(source, outputfile)
  File "/usr/lib/python3.12/shutil.py", line 204, in copyfileobj
    fdst_write(buf)
  File "/usr/lib/python3.12/socketserver.py", line 840, in write
    self._sock.sendall(b)
BrokenPipeError: [Errno 32] Broken pipe
----------------------------------------
127.0.0.1 - - [08/May/2026 08:35:45] "GET /archive/game0.arcd HTTP/1.1" 200 -
127.0.0.1 - - [08/May/2026 08:35:45] "GET /archive/game2.arcd HTTP/1.1" 200 -
127.0.0.1 - - [08/May/2026 08:35:45] "GET /archive/game5.arcd HTTP/1.1" 200 -
127.0.0.1 - - [08/May/2026 08:35:45] "GET /archive/game1.arcd HTTP/1.1" 200 -
127.0.0.1 - - [08/May/2026 08:35:45] "GET /archive/game4.arcd HTTP/1.1" 200 -
127.0.0.1 - - [08/May/2026 08:35:45] "GET /archive/game3.arcd HTTP/1.1" 200 -
127.0.0.1 - - [08/May/2026 08:35:46] "GET /extensionrive.wasm HTTP/1.1" 200 -
127.0.0.1 - - [08/May/2026 08:35:46] "GET /archive/game0.dmanifest HTTP/1.1" 200 -
