04-05 12:54:23.533  4289  4289 I d.extensionrive: Late-enabling -Xcheck:jni
04-05 12:54:23.556  4289  4289 I d.extensionrive: Using CollectorTypeCC GC.
04-05 12:54:23.557  4289  4289 W d.extensionrive: Unexpected CPU variant for x86: x86_64.
04-05 12:54:23.557  4289  4289 W d.extensionrive: Known variants: atom, sandybridge, silvermont, goldmont, goldmont-plus, tremont, kabylake, default
04-05 12:54:23.675  4289  4289 I ndk_translation: Initialized NDK translation (aarch64), version 0.2.3
04-05 12:54:24.007  4289  4289 D CompatibilityChangeReporter: Compat change id reported: 171979766; UID 10192; state: ENABLED
04-05 12:54:24.008  4289  4289 D CompatibilityChangeReporter: Compat change id reported: 242716250; UID 10192; state: ENABLED
04-05 12:54:24.034  4289  4289 W ziparchive: Unable to open '/data/app/~~O20TK7ba0QHyXW83RwTnSQ==/com.defold.extensionrive-K1EJsN6dVq4_bCjfLr8tmw==/base.dm': No such file or directory
04-05 12:54:24.034  4289  4289 W ziparchive: Unable to open '/data/app/~~O20TK7ba0QHyXW83RwTnSQ==/com.defold.extensionrive-K1EJsN6dVq4_bCjfLr8tmw==/base.dm': No such file or directory
04-05 12:54:24.039  4289  4289 D nativeloader: Configuring clns-6 for other apk /data/app/~~O20TK7ba0QHyXW83RwTnSQ==/com.defold.extensionrive-K1EJsN6dVq4_bCjfLr8tmw==/base.apk. target_sdk_version=36, uses_libraries=, library_path=/data/app/~~O20TK7ba0QHyXW83RwTnSQ==/com.defold.extensionrive-K1EJsN6dVq4_bCjfLr8tmw==/lib/arm64:/data/app/~~O20TK7ba0QHyXW83RwTnSQ==/com.defold.extensionrive-K1EJsN6dVq4_bCjfLr8tmw==/base.apk!/lib/arm64-v8a, permitted_path=/data:/mnt/expand:/data/user/0/com.defold.extensionrive
04-05 12:54:24.068  4289  4289 V GraphicsEnvironment: Currently set values for:
04-05 12:54:24.068  4289  4289 V GraphicsEnvironment:   angle_gl_driver_selection_pkgs=[]
04-05 12:54:24.068  4289  4289 V GraphicsEnvironment:   angle_gl_driver_selection_values=[]
04-05 12:54:24.070  4289  4289 V GraphicsEnvironment: ANGLE GameManagerService for com.defold.extensionrive: false
04-05 12:54:24.070  4289  4289 V GraphicsEnvironment: com.defold.extensionrive is not listed in per-application setting
04-05 12:54:24.070  4289  4289 V GraphicsEnvironment: Neither updatable production driver nor prerelease driver is supported.
04-05 12:54:24.093  4289  4312 D libEGL  : loaded /vendor/lib64/egl/libEGL_emulation.so
04-05 12:54:24.095  4289  4312 D libEGL  : loaded /vendor/lib64/egl/libGLESv1_CM_emulation.so
04-05 12:54:24.097  4289  4312 D libEGL  : loaded /vendor/lib64/egl/libGLESv2_emulation.so
04-05 12:54:24.289  4289  4289 V threaded_app: Creating: 0x7f5bd9339ab0
04-05 12:54:24.286  4289  4289 W d.extensionrive: type=1400 audit(0.0:24): avc:  denied  { getattr } for  path="/dev/pmsg0" dev="tmpfs" ino=401 scontext=u:r:untrusted_app:s0:c192,c256,c512,c768 tcontext=u:object_r:pmsg_device:s0 tclass=chr_file permissive=0 app=com.defold.extensionrive
04-05 12:54:24.296  4289  4326 V threaded_app: Config: mcc=310 mnc=260 lang=en cnt=US orien=2 touch=3 dens=420 keys=2 nav=1 keysHid=1 navHid=0 sdk=34 size=2 long=2 modetype=1 modenight=1
04-05 12:54:24.299  4289  4326 V glfw-android: _glfwPreMain
04-05 12:54:24.306  4289  4289 V threaded_app: Start: 0x7f5bd9339ab0
04-05 12:54:24.306  4289  4326 V threaded_app: activityState=10
04-05 12:54:24.307  4289  4326 E ndk_translation: Undefined instruction 0xd50320bf at 0x00007f5a75d92cb0
04-05 12:54:24.308  4289  4326 F libc    : Fatal signal 4 (SIGILL), code -6 (SI_TKILL) in tid 4326 (looper_main), pid 4289 (d.extensionrive)
04-05 12:54:24.326  4289  4289 V threaded_app: Resume: 0x7f5bd9339ab0
