127.0.0.1 - - [15/Jun/2026 07:51:09] "GET /index.html HTTP/1.1" 200 -
127.0.0.1 - - [15/Jun/2026 07:51:09] "GET /index.html HTTP/1.1" 200 -
127.0.0.1 - - [15/Jun/2026 07:51:10] "GET /?key=bootstrap.main_collection&value=%2Fmain%2Foutofband%2Foutofband.collectionc HTTP/1.1" 200 -
127.0.0.1 - - [15/Jun/2026 07:51:10] "GET /dmloader.js HTTP/1.1" 200 -
127.0.0.1 - - [15/Jun/2026 07:51:10] "GET /archive/archive_files.json HTTP/1.1" 200 -
127.0.0.1 - - [15/Jun/2026 07:51:10] "GET /extensionrive_wasm.js HTTP/1.1" 200 -
127.0.0.1 - - [15/Jun/2026 07:51:10] "GET /archive/game0.projectc HTTP/1.1" 200 -
127.0.0.1 - - [15/Jun/2026 07:51:10] code 404, message File not found
127.0.0.1 - - [15/Jun/2026 07:51:10] "GET /favicon.ico HTTP/1.1" 404 -
127.0.0.1 - - [15/Jun/2026 07:51:10] "GET /archive/game0.arci HTTP/1.1" 200 -
127.0.0.1 - - [15/Jun/2026 07:51:10] "GET /archive/game2.arcd HTTP/1.1" 200 -
127.0.0.1 - - [15/Jun/2026 07:51:10] "GET /archive/game3.arcd HTTP/1.1" 200 -
127.0.0.1 - - [15/Jun/2026 07:51:10] "GET /archive/game1.arcd HTTP/1.1" 200 -
127.0.0.1 - - [15/Jun/2026 07:51:10] "GET /archive/game0.arcd HTTP/1.1" 200 -
----------------------------------------
127.0.0.1 - - [15/Jun/2026 07:51:10] "GET /archive/game4.arcd HTTP/1.1" 200 -
Exception occurred during processing of request from ('127.0.0.1', 60704)
----------------------------------------
Exception occurred during processing of request from ('127.0.0.1', 60708)
----------------------------------------
Exception occurred during processing of request from ('127.0.0.1', 60714)
127.0.0.1 - - [15/Jun/2026 07:51:10] "GET /archive/game5.arcd HTTP/1.1" 200 -
----------------------------------------
Exception occurred during processing of request from ('127.0.0.1', 60674)
Traceback (most recent call last):
  File "/usr/lib/python3.12/socketserver.py", line 692, in process_request_thread
    self.finish_request(request, client_address)
  File "/usr/lib/python3.12/http/server.py", line 1311, in finish_request
    self.RequestHandlerClass(request, client_address, self,
----------------------------------------
Traceback (most recent call last):
Traceback (most recent call last):
  File "/usr/lib/python3.12/socketserver.py", line 692, in process_request_thread
    self.finish_request(request, client_address)
Traceback (most recent call last):
  File "/usr/lib/python3.12/socketserver.py", line 692, in process_request_thread
    self.finish_request(request, client_address)
  File "/usr/lib/python3.12/http/server.py", line 1311, in finish_request
    self.RequestHandlerClass(request, client_address, self,
  File "/usr/lib/python3.12/http/server.py", line 672, in __init__
    super().__init__(*args, **kwargs)
  File "/usr/lib/python3.12/socketserver.py", line 761, in __init__
    self.handle()
  File "/usr/lib/python3.12/http/server.py", line 436, in handle
    self.handle_one_request()
  File "/usr/lib/python3.12/http/server.py", line 424, in handle_one_request
    method()
  File "/usr/lib/python3.12/http/server.py", line 679, in do_GET
    self.copyfile(f, self.wfile)
  File "/usr/lib/python3.12/http/server.py", line 878, in copyfile
    shutil.copyfileobj(source, outputfile)
  File "/usr/lib/python3.12/shutil.py", line 204, in copyfileobj
    fdst_write(buf)
  File "/usr/lib/python3.12/socketserver.py", line 840, in write
    self._sock.sendall(b)
ConnectionResetError: [Errno 104] Connection reset by peer
----------------------------------------
  File "/usr/lib/python3.12/http/server.py", line 672, in __init__
    super().__init__(*args, **kwargs)
  File "/usr/lib/python3.12/socketserver.py", line 761, in __init__
    self.handle()
  File "/usr/lib/python3.12/http/server.py", line 436, in handle
    self.handle_one_request()
  File "/usr/lib/python3.12/http/server.py", line 424, in handle_one_request
    method()
  File "/usr/lib/python3.12/http/server.py", line 679, in do_GET
    self.copyfile(f, self.wfile)
  File "/usr/lib/python3.12/http/server.py", line 878, in copyfile
    shutil.copyfileobj(source, outputfile)
  File "/usr/lib/python3.12/shutil.py", line 204, in copyfileobj
    fdst_write(buf)
  File "/usr/lib/python3.12/socketserver.py", line 840, in write
    self._sock.sendall(b)
ConnectionResetError: [Errno 104] Connection reset by peer
----------------------------------------
  File "/usr/lib/python3.12/http/server.py", line 1311, in finish_request
    self.RequestHandlerClass(request, client_address, self,
  File "/usr/lib/python3.12/http/server.py", line 672, in __init__
    super().__init__(*args, **kwargs)
  File "/usr/lib/python3.12/socketserver.py", line 761, in __init__
    self.handle()
  File "/usr/lib/python3.12/http/server.py", line 436, in handle
    self.handle_one_request()
  File "/usr/lib/python3.12/http/server.py", line 424, in handle_one_request
    method()
  File "/usr/lib/python3.12/http/server.py", line 679, in do_GET
    self.copyfile(f, self.wfile)
  File "/usr/lib/python3.12/http/server.py", line 878, in copyfile
    shutil.copyfileobj(source, outputfile)
  File "/usr/lib/python3.12/shutil.py", line 204, in copyfileobj
    fdst_write(buf)
  File "/usr/lib/python3.12/socketserver.py", line 840, in write
    self._sock.sendall(b)
BrokenPipeError: [Errno 32] Broken pipe
----------------------------------------
Exception occurred during processing of request from ('127.0.0.1', 60720)
Traceback (most recent call last):
  File "/usr/lib/python3.12/socketserver.py", line 692, in process_request_thread
    self.finish_request(request, client_address)
  File "/usr/lib/python3.12/http/server.py", line 1311, in finish_request
    self.RequestHandlerClass(request, client_address, self,
  File "/usr/lib/python3.12/http/server.py", line 672, in __init__
    super().__init__(*args, **kwargs)
  File "/usr/lib/python3.12/socketserver.py", line 761, in __init__
    self.handle()
  File "/usr/lib/python3.12/http/server.py", line 436, in handle
    self.handle_one_request()
  File "/usr/lib/python3.12/http/server.py", line 424, in handle_one_request
    method()
  File "/usr/lib/python3.12/http/server.py", line 679, in do_GET
    self.copyfile(f, self.wfile)
  File "/usr/lib/python3.12/http/server.py", line 878, in copyfile
    shutil.copyfileobj(source, outputfile)
  File "/usr/lib/python3.12/shutil.py", line 204, in copyfileobj
    fdst_write(buf)
  File "/usr/lib/python3.12/socketserver.py", line 840, in write
    self._sock.sendall(b)
BrokenPipeError: [Errno 32] Broken pipe
----------------------------------------
  File "/usr/lib/python3.12/socketserver.py", line 692, in process_request_thread
    self.finish_request(request, client_address)
  File "/usr/lib/python3.12/http/server.py", line 1311, in finish_request
    self.RequestHandlerClass(request, client_address, self,
  File "/usr/lib/python3.12/http/server.py", line 672, in __init__
    super().__init__(*args, **kwargs)
  File "/usr/lib/python3.12/socketserver.py", line 761, in __init__
    self.handle()
  File "/usr/lib/python3.12/http/server.py", line 436, in handle
    self.handle_one_request()
  File "/usr/lib/python3.12/http/server.py", line 424, in handle_one_request
    method()
  File "/usr/lib/python3.12/http/server.py", line 679, in do_GET
    self.copyfile(f, self.wfile)
  File "/usr/lib/python3.12/http/server.py", line 878, in copyfile
    shutil.copyfileobj(source, outputfile)
  File "/usr/lib/python3.12/shutil.py", line 204, in copyfileobj
    fdst_write(buf)
  File "/usr/lib/python3.12/socketserver.py", line 840, in write
    self._sock.sendall(b)
ConnectionResetError: [Errno 104] Connection reset by peer
----------------------------------------
127.0.0.1 - - [15/Jun/2026 07:51:10] "GET /archive/game1.arcd HTTP/1.1" 200 -
127.0.0.1 - - [15/Jun/2026 07:51:10] "GET /archive/game0.arcd HTTP/1.1" 200 -
127.0.0.1 - - [15/Jun/2026 07:51:10] "GET /archive/game2.arcd HTTP/1.1" 200 -
127.0.0.1 - - [15/Jun/2026 07:51:10] "GET /archive/game5.arcd HTTP/1.1" 200 -
127.0.0.1 - - [15/Jun/2026 07:51:10] "GET /archive/game3.arcd HTTP/1.1" 200 -
127.0.0.1 - - [15/Jun/2026 07:51:10] "GET /archive/game4.arcd HTTP/1.1" 200 -
127.0.0.1 - - [15/Jun/2026 07:51:10] "GET /extensionrive.wasm HTTP/1.1" 200 -
127.0.0.1 - - [15/Jun/2026 07:51:10] "GET /archive/game0.dmanifest HTTP/1.1" 200 -
